Microsoft (R) Macro Assembler Version 14.16.27026.1	    03/28/19 15:15:04
AddTwo.asm						     Page 1 - 1


				; AddTwo.asm - adds two 32-bit integers.
				; Chapter 3 example

				.386
				.model flat,stdcall
				.stack 4096
				ExitProcess proto,dwExitCode:dword

 00000000			.data

 00000000			.code
 00000000			main proc

 00000000  B8 00000000			mov eax, 0
 00000005  B3 03			mov bl, 3
 00000007  B1 02			mov cl, 2
 00000009  3A D9			cmp bl,cl
 0000000B  77 06			ja next
 0000000D  B0 32			mov al,50
 0000000F  B2 17			mov dl,23
 00000011  2A C2			sub al, dl
 00000013				next:

					invoke ExitProcess,0
 00000013  6A 00	   *	    push   +000000000h
 00000015  E8 00000000 E   *	    call   ExitProcess
 0000001A			main endp
				end main
Microsoft (R) Macro Assembler Version 14.16.27026.1	    03/28/19 15:15:04
AddTwo.asm						     Symbols 2 - 1




Segments and Groups:

                N a m e                 Size     Length   Align   Combine Class

FLAT . . . . . . . . . . . . . .	GROUP
STACK  . . . . . . . . . . . . .	32 Bit	 00001000 DWord	  Stack	  'STACK'	 
_DATA  . . . . . . . . . . . . .	32 Bit	 00000000 DWord	  Public  'DATA'	
_TEXT  . . . . . . . . . . . . .	32 Bit	 0000001A DWord	  Public  'CODE'	


Procedures, parameters, and locals:

                N a m e                 Type     Value    Attr

ExitProcess  . . . . . . . . . .	P Near	 00000000 FLAT	Length= 00000000 External STDCALL
main . . . . . . . . . . . . . .	P Near	 00000000 _TEXT	Length= 0000001A Public STDCALL
  next . . . . . . . . . . . . .	L Near	 00000013 _TEXT	


Symbols:

                N a m e                 Type     Value    Attr

@CodeSize  . . . . . . . . . . .	Number	 00000000h   
@DataSize  . . . . . . . . . . .	Number	 00000000h   
@Interface . . . . . . . . . . .	Number	 00000003h   
@Model . . . . . . . . . . . . .	Number	 00000007h   
@code  . . . . . . . . . . . . .	Text   	 _TEXT
@data  . . . . . . . . . . . . .	Text   	 FLAT
@fardata?  . . . . . . . . . . .	Text   	 FLAT
@fardata . . . . . . . . . . . .	Text   	 FLAT
@stack . . . . . . . . . . . . .	Text   	 FLAT

	   0 Warnings
	   0 Errors
