Microsoft (R) Macro Assembler Version 14.16.27026.1	    04/04/19 10:28:31
AddTwo.asm						     Page 1 - 1


				; AddTwo.asm - adds two 32-bit integers.
				; Chapter 3 example

				.386
				.model flat,stdcall
				.stack 4096
				ExitProcess proto,dwExitCode:dword

 00000000			.data

 00000000			.code
 00000000			main proc

 00000000  B0 D4			mov al,0D4h
 00000002  D0 E8			shr al,1 ; a.       al=6A		CF=0		OF=1 
 00000004  B0 D4			mov al,0D4h 
 00000006  D0 F8			sar al,1 ; b.       al=EA		CF=0		OF=0 
 00000008  B0 D4			mov al,0D4h 
 0000000A  C0 F8 04			sar al,4 ; c.		al=FD		CF=0		OF=0 
 0000000D  B0 D4			mov al,0D4h 
 0000000F  D0 C0			rol al,1 ; d.		al=A9		CF=1		OF=0 
 00000011  B0 D4			mov al,0D4h 
 00000013  C0 C8 03			ror al,3 ; e.		al=9A		CF=1		OF=0 


					invoke ExitProcess,0
 00000016  6A 00	   *	    push   +000000000h
 00000018  E8 00000000 E   *	    call   ExitProcess
 0000001D			main endp
				end main
Microsoft (R) Macro Assembler Version 14.16.27026.1	    04/04/19 10:28:31
AddTwo.asm						     Symbols 2 - 1




Segments and Groups:

                N a m e                 Size     Length   Align   Combine Class

FLAT . . . . . . . . . . . . . .	GROUP
STACK  . . . . . . . . . . . . .	32 Bit	 00001000 DWord	  Stack	  'STACK'	 
_DATA  . . . . . . . . . . . . .	32 Bit	 00000000 DWord	  Public  'DATA'	
_TEXT  . . . . . . . . . . . . .	32 Bit	 0000001D DWord	  Public  'CODE'	


Procedures, parameters, and locals:

                N a m e                 Type     Value    Attr

ExitProcess  . . . . . . . . . .	P Near	 00000000 FLAT	Length= 00000000 External STDCALL
main . . . . . . . . . . . . . .	P Near	 00000000 _TEXT	Length= 0000001D Public STDCALL


Symbols:

                N a m e                 Type     Value    Attr

@CodeSize  . . . . . . . . . . .	Number	 00000000h   
@DataSize  . . . . . . . . . . .	Number	 00000000h   
@Interface . . . . . . . . . . .	Number	 00000003h   
@Model . . . . . . . . . . . . .	Number	 00000007h   
@code  . . . . . . . . . . . . .	Text   	 _TEXT
@data  . . . . . . . . . . . . .	Text   	 FLAT
@fardata?  . . . . . . . . . . .	Text   	 FLAT
@fardata . . . . . . . . . . . .	Text   	 FLAT
@stack . . . . . . . . . . . . .	Text   	 FLAT

	   0 Warnings
	   0 Errors
