Microsoft (R) Macro Assembler Version 14.16.27026.1	    03/14/19 11:20:53
AddTwo.asm						     Page 1 - 1


				; AddTwo.asm - adds two 32-bit integers.
				; Chapter 3 example

				.386
				.model flat,stdcall
				.stack 4096
				ExitProcess proto,dwExitCode:dword

 00000000			.data
 00000000 00010000			intarray DWORD 10000h,20000h,30000h,40000h
	   00020000
	   00030000
	   00040000

 00000000			.code
 00000000			main proc
 00000000  BF 00000000 R		mov edi,OFFSET intarray        ; 1: EDI = address of intarray 
 00000005  B9 00000004			mov ecx,LENGTHOF intarray      ; 2: initialize loop counter
 0000000A  B8 00000000			mov eax,0                      ; 3: sum = 0
 0000000F				L1:                            ; 4: mark beginning of loop
 0000000F  03 07				add eax,[edi]              ; 5: add an integer 
 00000011  83 C7 04				add edi,TYPE intarray      ; 6: point to next element
 00000014  E2 F9			loop L1                        ; 7: repeat until ECX = 0
					; What is the final value in EAX?

					invoke ExitProcess,0
 00000016  6A 00	   *	    push   +000000000h
 00000018  E8 00000000 E   *	    call   ExitProcess
 0000001D			main endp
				end main
Microsoft (R) Macro Assembler Version 14.16.27026.1	    03/14/19 11:20:53
AddTwo.asm						     Symbols 2 - 1




Segments and Groups:

                N a m e                 Size     Length   Align   Combine Class

FLAT . . . . . . . . . . . . . .	GROUP
STACK  . . . . . . . . . . . . .	32 Bit	 00001000 DWord	  Stack	  'STACK'	 
_DATA  . . . . . . . . . . . . .	32 Bit	 00000010 DWord	  Public  'DATA'	
_TEXT  . . . . . . . . . . . . .	32 Bit	 0000001D DWord	  Public  'CODE'	


Procedures, parameters, and locals:

                N a m e                 Type     Value    Attr

ExitProcess  . . . . . . . . . .	P Near	 00000000 FLAT	Length= 00000000 External STDCALL
main . . . . . . . . . . . . . .	P Near	 00000000 _TEXT	Length= 0000001D Public STDCALL
  L1 . . . . . . . . . . . . . .	L Near	 0000000F _TEXT	


Symbols:

                N a m e                 Type     Value    Attr

@CodeSize  . . . . . . . . . . .	Number	 00000000h   
@DataSize  . . . . . . . . . . .	Number	 00000000h   
@Interface . . . . . . . . . . .	Number	 00000003h   
@Model . . . . . . . . . . . . .	Number	 00000007h   
@code  . . . . . . . . . . . . .	Text   	 _TEXT
@data  . . . . . . . . . . . . .	Text   	 FLAT
@fardata?  . . . . . . . . . . .	Text   	 FLAT
@fardata . . . . . . . . . . . .	Text   	 FLAT
@stack . . . . . . . . . . . . .	Text   	 FLAT
intarray . . . . . . . . . . . .	DWord	 00000000 _DATA	

	   0 Warnings
	   0 Errors
