Microsoft (R) Macro Assembler Version 14.16.27026.1	    03/14/19 11:30:55
AddTwo.asm						     Page 1 - 1


				; AddTwo.asm - adds two 32-bit integers.
				; Chapter 3 example

				.386
				.model flat,stdcall
				.stack 4096
				ExitProcess proto,dwExitCode:dword

 00000000			.data
 00000000 00000000			temp dword ?

 00000000			.code
 00000000			main proc
 00000000  B8 00000000			mov eax,0
 00000005  B9 0000000A			mov ecx,10			; outer loop counter
 0000000A				L1:
 0000000A  B8 00000003				mov eax,3
 0000000F  89 0D 00000000 R			mov temp,ecx
 00000015  B9 00000005				mov ecx,5		; inner loop counter
 0000001A				L2:
 0000001A  83 C0 05				add eax,5
 0000001D  E2 FB				LOOP L2			; repeat inner loop
 0000001F  8B 0D 00000000 R			mov ecx,temp
 00000025  E2 E3			LOOP L1				; repeat outter loop

					; What is the final value of EAX? 1C

					invoke ExitProcess,0
 00000027  6A 00	   *	    push   +000000000h
 00000029  E8 00000000 E   *	    call   ExitProcess
 0000002E			main endp
				end main
Microsoft (R) Macro Assembler Version 14.16.27026.1	    03/14/19 11:30:55
AddTwo.asm						     Symbols 2 - 1




Segments and Groups:

                N a m e                 Size     Length   Align   Combine Class

FLAT . . . . . . . . . . . . . .	GROUP
STACK  . . . . . . . . . . . . .	32 Bit	 00001000 DWord	  Stack	  'STACK'	 
_DATA  . . . . . . . . . . . . .	32 Bit	 00000004 DWord	  Public  'DATA'	
_TEXT  . . . . . . . . . . . . .	32 Bit	 0000002E DWord	  Public  'CODE'	


Procedures, parameters, and locals:

                N a m e                 Type     Value    Attr

ExitProcess  . . . . . . . . . .	P Near	 00000000 FLAT	Length= 00000000 External STDCALL
main . . . . . . . . . . . . . .	P Near	 00000000 _TEXT	Length= 0000002E Public STDCALL
  L1 . . . . . . . . . . . . . .	L Near	 0000000A _TEXT	
  L2 . . . . . . . . . . . . . .	L Near	 0000001A _TEXT	


Symbols:

                N a m e                 Type     Value    Attr

@CodeSize  . . . . . . . . . . .	Number	 00000000h   
@DataSize  . . . . . . . . . . .	Number	 00000000h   
@Interface . . . . . . . . . . .	Number	 00000003h   
@Model . . . . . . . . . . . . .	Number	 00000007h   
@code  . . . . . . . . . . . . .	Text   	 _TEXT
@data  . . . . . . . . . . . . .	Text   	 FLAT
@fardata?  . . . . . . . . . . .	Text   	 FLAT
@fardata . . . . . . . . . . . .	Text   	 FLAT
@stack . . . . . . . . . . . . .	Text   	 FLAT
temp . . . . . . . . . . . . . .	DWord	 00000000 _DATA	

	   0 Warnings
	   0 Errors
