Microsoft (R) Macro Assembler Version 14.16.27026.1	    03/28/19 15:18:57
AddTwo.asm						     Page 1 - 1


				; AddTwo.asm - adds two 32-bit integers.
				; Chapter 3 example

				.386
				.model flat,stdcall
				.stack 4096
				ExitProcess proto,dwExitCode:dword

 00000000			.data

 00000000			.code
 00000000			main proc

					;mov eax, 0
					;mov ebx, 0
					;mov ecx, 0
 00000000  B0 0F			mov al,00001111b
 00000002  A8 02			test al,00000010b	; a. CF=0	ZF=0	SF=0	al= 0F
 00000004  B3 06			mov bl,00000110b
 00000006  80 FB 05			cmp bl,00000101b	; b. CF=0	ZF=0	SF=0	bl= 06
 00000009  B1 05			mov cl,00000101b
 0000000B  80 F9 07			cmp cl,00000111b	; c. CF=1	ZF=0	SF=1	cl= 05

					invoke ExitProcess,0
 0000000E  6A 00	   *	    push   +000000000h
 00000010  E8 00000000 E   *	    call   ExitProcess
 00000015			main endp
				end main
Microsoft (R) Macro Assembler Version 14.16.27026.1	    03/28/19 15:18:57
AddTwo.asm						     Symbols 2 - 1




Segments and Groups:

                N a m e                 Size     Length   Align   Combine Class

FLAT . . . . . . . . . . . . . .	GROUP
STACK  . . . . . . . . . . . . .	32 Bit	 00001000 DWord	  Stack	  'STACK'	 
_DATA  . . . . . . . . . . . . .	32 Bit	 00000000 DWord	  Public  'DATA'	
_TEXT  . . . . . . . . . . . . .	32 Bit	 00000015 DWord	  Public  'CODE'	


Procedures, parameters, and locals:

                N a m e                 Type     Value    Attr

ExitProcess  . . . . . . . . . .	P Near	 00000000 FLAT	Length= 00000000 External STDCALL
main . . . . . . . . . . . . . .	P Near	 00000000 _TEXT	Length= 00000015 Public STDCALL


Symbols:

                N a m e                 Type     Value    Attr

@CodeSize  . . . . . . . . . . .	Number	 00000000h   
@DataSize  . . . . . . . . . . .	Number	 00000000h   
@Interface . . . . . . . . . . .	Number	 00000003h   
@Model . . . . . . . . . . . . .	Number	 00000007h   
@code  . . . . . . . . . . . . .	Text   	 _TEXT
@data  . . . . . . . . . . . . .	Text   	 FLAT
@fardata?  . . . . . . . . . . .	Text   	 FLAT
@fardata . . . . . . . . . . . .	Text   	 FLAT
@stack . . . . . . . . . . . . .	Text   	 FLAT

	   0 Warnings
	   0 Errors
